Using pre-set license
Built from '6000.0/staging' branch; Version is '6000.0.40f1 (157d81624ddf) revision 1408385'; Using compiler version '193933523'; Build Type 'Release'
OS: 'Windows 11  (10.0.26100) 64bit Core' Language: 'ko' Physical Memory: 65356 MB
BatchMode: 1, IsHumanControllingUs: 0, StartBugReporterOnCrash: 0, Is64bit: 1, IsPro: 1

COMMAND LINE ARGUMENTS:
C:\Program Files\Unity\Hub\Editor\6000.0.40f1\Editor\Unity.exe
-adb2
-batchMode
-noUpm
-name
AssetImportWorker0
-projectPath
C:/1945game/TimelineStudy
-logFile
Logs/AssetImportWorker0.log
-srvPort
53428
-job-worker-count
9
-background-job-worker-count
8
-gc-helper-count
1
Successfully changed project path to: C:/1945game/TimelineStudy
C:/1945game/TimelineStudy
[UnityMemory] Configuration Parameters - Can be set up in boot.config
    "memorysetup-bucket-allocator-granularity=16"
    "memorysetup-bucket-allocator-bucket-count=8"
    "memorysetup-bucket-allocator-block-size=33554432"
    "memorysetup-bucket-allocator-block-count=8"
    "memorysetup-main-allocator-block-size=16777216"
    "memorysetup-thread-allocator-block-size=16777216"
    "memorysetup-gfx-main-allocator-block-size=16777216"
    "memorysetup-gfx-thread-allocator-block-size=16777216"
    "memorysetup-cache-allocator-block-size=4194304"
    "memorysetup-typetree-allocator-block-size=2097152"
    "memorysetup-profiler-bucket-allocator-granularity=16"
    "memorysetup-profiler-bucket-allocator-bucket-count=8"
    "memorysetup-profiler-bucket-allocator-block-size=33554432"
    "memorysetup-profiler-bucket-allocator-block-count=8"
    "memorysetup-profiler-allocator-block-size=16777216"
    "memorysetup-profiler-editor-allocator-block-size=1048576"
    "memorysetup-temp-allocator-size-main=16777216"
    "memorysetup-job-temp-allocator-block-size=2097152"
    "memorysetup-job-temp-allocator-block-size-background=1048576"
    "memorysetup-job-temp-allocator-reduction-small-platforms=262144"
    "memorysetup-allocator-temp-initial-block-size-main=262144"
    "memorysetup-allocator-temp-initial-block-size-worker=262144"
    "memorysetup-temp-allocator-size-background-worker=32768"
    "memorysetup-temp-allocator-size-job-worker=262144"
    "memorysetup-temp-allocator-size-preload-manager=33554432"
    "memorysetup-temp-allocator-size-nav-mesh-worker=65536"
    "memorysetup-temp-allocator-size-audio-worker=65536"
    "memorysetup-temp-allocator-size-cloud-worker=32768"
    "memorysetup-temp-allocator-size-gi-baking-worker=262144"
    "memorysetup-temp-allocator-size-gi-baking-worker=262144"
    "memorysetup-temp-allocator-size-gi-baking-worker=262144"
    "memorysetup-temp-allocator-size-gi-baking-worker=262144"
    "memorysetup-temp-allocator-size-gi-baking-worker=262144"
    "memorysetup-temp-allocator-size-gfx=262144"
Player connection [23220]  Target information:

Player connection [23220]  * "[IP] 220.86.63.244 [Port] 0 [Flags] 2 [Guid] 241418957 [EditorId] 241418957 [Version] 1048832 [Id] WindowsEditor(7,y2k) [Debug] 1 [PackageName] WindowsEditor [ProjectName] Editor" 

Player connection [23220] Host joined multi-casting on [225.0.0.222:54997]...
Player connection [23220] Host joined alternative multi-casting on [225.0.0.222:34997]...
JobSystem: Creating JobQueue using job-worker-count value 9
Input System module state changed to: Initialized.
[Physics::Module] Initialized fallback backend.
[Physics::Module] Id: 0xdecafbad
Library Redirect Path: Library/
[Physics::Module] Selected backend.
[Physics::Module] Name: PhysX
[Physics::Module] Id: 0xf2b8ea05
[Physics::Module] SDK Version: 4.1.2
[Physics::Module] Integration Version: 1.0.0
[Physics::Module] Threading Mode: Multi-Threaded
Refreshing native plugins compatible for Editor in 1.58 ms, found 4 plugins.
Preloading 0 native plugins for Editor in 0.00 ms.
Initialize engine version: 6000.0.40f1 (157d81624ddf)
[Subsystems] Discovering subsystems at path C:/Program Files/Unity/Hub/Editor/6000.0.40f1/Editor/Data/Resources/UnitySubsystems
[Subsystems] Discovering subsystems at path C:/1945game/TimelineStudy/Assets
GfxDevice: creating device client; kGfxThreadingModeNonThreaded
Direct3D:
    Version:  Direct3D 11.0 [level 11.1]
    Renderer: NVIDIA GeForce RTX 4070 Ti (ID=0x2782)
    Vendor:   NVIDIA
    VRAM:     11996 MB
    Driver:   32.0.15.6094
Initialize mono
Mono path[0] = 'C:/Program Files/Unity/Hub/Editor/6000.0.40f1/Editor/Data/Managed'
Mono path[1] = 'C:/Program Files/Unity/Hub/Editor/6000.0.40f1/Editor/Data/MonoBleedingEdge/lib/mono/unityjit-win32'
Mono config path = 'C:/Program Files/Unity/Hub/Editor/6000.0.40f1/Editor/Data/MonoBleedingEdge/etc'
Using monoOptions --debugger-agent=transport=dt_socket,embedding=1,server=y,suspend=n,address=127.0.0.1:56940
Begin MonoManager ReloadAssembly
Registering precompiled unity dll's ...
Register platform support module: C:/Program Files/Unity/Hub/Editor/6000.0.40f1/Editor/Data/PlaybackEngines/WebGLSupport/UnityEditor.WebGL.Extensions.dll
Register platform support module: C:/Program Files/Unity/Hub/Editor/6000.0.40f1/Editor/Data/PlaybackEngines/WindowsStandaloneSupport/UnityEditor.WindowsStandalone.Extensions.dll
Register platform support module: C:/Program Files/Unity/Hub/Editor/6000.0.40f1/Editor/Data/PlaybackEngines/MetroSupport/UnityEditor.UWP.Extensions.dll
Register platform support module: C:/Program Files/Unity/Hub/Editor/6000.0.40f1/Editor/Data/PlaybackEngines/AndroidPlayer/UnityEditor.Android.Extensions.dll
Registered in 0.002962 seconds.
- Loaded All Assemblies, in  0.292 seconds
Native extension for Android target not found
Android Extension - Scanning For ADB Devices 204 ms
Native extension for UWP target not found
Native extension for WindowsStandalone target not found
Native extension for WebGL target not found
Mono: successfully reloaded assembly
- Finished resetting the current domain, in  0.474 seconds
Domain Reload Profiling: 765ms
	BeginReloadAssembly (96ms)
		ExecutionOrderSort (0ms)
		DisableScriptedObjects (0ms)
		BackupInstance (0ms)
		ReleaseScriptingObjects (0ms)
		CreateAndSetChildDomain (1ms)
	RebuildCommonClasses (27ms)
	RebuildNativeTypeToScriptingClass (8ms)
	initialDomainReloadingComplete (36ms)
	LoadAllAssembliesAndSetupDomain (124ms)
		LoadAssemblies (95ms)
		RebuildTransferFunctionScriptingTraits (0ms)
		AnalyzeDomain (121ms)
			TypeCache.Refresh (120ms)
				TypeCache.ScanAssembly (109ms)
			BuildScriptInfoCaches (0ms)
			ResolveRequiredComponents (0ms)
	FinalizeReload (474ms)
		ReleaseScriptCaches (0ms)
		RebuildScriptCaches (0ms)
		SetupLoadedEditorAssemblies (443ms)
			LogAssemblyErrors (0ms)
			InitializePlatformSupportModulesInManaged (268ms)
			SetLoadedEditorAssemblies (3ms)
			BeforeProcessingInitializeOnLoad (39ms)
			ProcessInitializeOnLoadAttributes (90ms)
			ProcessInitializeOnLoadMethodAttributes (43ms)
			AfterProcessingInitializeOnLoad (0ms)
			EditorAssembliesLoaded (0ms)
		ExecutionOrderSort2 (0ms)
		AwakeInstancesAfterBackupRestoration (0ms)
========================================================================
Worker process is ready to serve import requests
Import Worker Mode flag is 0x00
Begin MonoManager ReloadAssembly
- Loaded All Assemblies, in  0.527 seconds
Refreshing native plugins compatible for Editor in 1.03 ms, found 4 plugins.
Native extension for Android target not found
Native extension for UWP target not found
Native extension for WindowsStandalone target not found
Native extension for WebGL target not found
Mono: successfully reloaded assembly
- Finished resetting the current domain, in  0.455 seconds
Domain Reload Profiling: 980ms
	BeginReloadAssembly (131ms)
		ExecutionOrderSort (0ms)
		DisableScriptedObjects (5ms)
		BackupInstance (0ms)
		ReleaseScriptingObjects (0ms)
		CreateAndSetChildDomain (23ms)
	RebuildCommonClasses (27ms)
	RebuildNativeTypeToScriptingClass (8ms)
	initialDomainReloadingComplete (30ms)
	LoadAllAssembliesAndSetupDomain (329ms)
		LoadAssemblies (252ms)
		RebuildTransferFunctionScriptingTraits (0ms)
		AnalyzeDomain (156ms)
			TypeCache.Refresh (120ms)
				TypeCache.ScanAssembly (106ms)
			BuildScriptInfoCaches (29ms)
			ResolveRequiredComponents (4ms)
	FinalizeReload (455ms)
		ReleaseScriptCaches (0ms)
		RebuildScriptCaches (0ms)
		SetupLoadedEditorAssemblies (369ms)
			LogAssemblyErrors (0ms)
			InitializePlatformSupportModulesInManaged (9ms)
			SetLoadedEditorAssemblies (3ms)
			BeforeProcessingInitializeOnLoad (73ms)
			ProcessInitializeOnLoadAttributes (248ms)
			ProcessInitializeOnLoadMethodAttributes (33ms)
			AfterProcessingInitializeOnLoad (3ms)
			EditorAssembliesLoaded (0ms)
		ExecutionOrderSort2 (0ms)
		AwakeInstancesAfterBackupRestoration (4ms)
Launched and connected shader compiler UnityShaderCompiler.exe after 0.01 seconds
Refreshing native plugins compatible for Editor in 1.39 ms, found 4 plugins.
Preloading 0 native plugins for Editor in 0.00 ms.
Unloading 14 Unused Serialized files (Serialized files now loaded: 0)
Unloading 4729 unused Assets / (1.6 MB). Loaded Objects now: 5205.
Memory consumption went from 90.7 MB to 89.1 MB.
Total: 4.847800 ms (FindLiveObjects: 0.282100 ms CreateObjectMapping: 0.151200 ms MarkObjects: 3.494300 ms  DeleteObjects: 0.918800 ms)

========================================================================
Received Import Request.
  Time since last request: 26611.687303 seconds.
  path: Assets/InputSystem_Actions.inputactions
  artifactKey: Guid(3590b91b4603b465dbb4216d601bff33) Importer(815301076,1909f56bfc062723c751e8b465ee728b)
Start importing Assets/InputSystem_Actions.inputactions using Guid(3590b91b4603b465dbb4216d601bff33) Importer(815301076,1909f56bfc062723c751e8b465ee728b) (PreviewImporter) -> (artifact id: '52978deca89b5547bfe7f2cc0d175ccc') in 0.020311 seconds
Number of updated asset objects reloaded before import = 0Number of asset objects unloaded after import = 19

========================================================================
Received Import Request.
  Time since last request: 326.362352 seconds.
  path: Assets/oak_woods_v1.0
  artifactKey: Guid(a78efa1c5b3289545952fe45d5d84c01) Importer(815301076,1909f56bfc062723c751e8b465ee728b)
Start importing Assets/oak_woods_v1.0 using Guid(a78efa1c5b3289545952fe45d5d84c01) Importer(815301076,1909f56bfc062723c751e8b465ee728b) (PreviewImporter) -> (artifact id: '35927c92a4b7fbaf21360b67c2b3a056') in 0.0005951 seconds
Number of updated asset objects reloaded before import = 0Number of asset objects unloaded after import = 0

========================================================================
Received Import Request.
  Time since last request: 1.382636 seconds.
  path: Assets/oak_woods_v1.0/oak_woods_v1.0
  artifactKey: Guid(be207cb2b73c4304f83dcf0699be3466) Importer(815301076,1909f56bfc062723c751e8b465ee728b)
Start importing Assets/oak_woods_v1.0/oak_woods_v1.0 using Guid(be207cb2b73c4304f83dcf0699be3466) Importer(815301076,1909f56bfc062723c751e8b465ee728b) (PreviewImporter) -> (artifact id: '92d26d86d4415cf5c0fe16aba3ae1d83') in 0.0007746 seconds
Number of updated asset objects reloaded before import = 0Number of asset objects unloaded after import = 0

========================================================================
Received Import Request.
  Time since last request: 622.888040 seconds.
  path: Assets/oak_woods_v1.0/oak_woods_v1.0/background
  artifactKey: Guid(7ef7652173fb4674a9d5a2be2b75d853) Importer(815301076,1909f56bfc062723c751e8b465ee728b)
Start importing Assets/oak_woods_v1.0/oak_woods_v1.0/background using Guid(7ef7652173fb4674a9d5a2be2b75d853) Importer(815301076,1909f56bfc062723c751e8b465ee728b) (PreviewImporter) -> (artifact id: '43afb0bcb0158f224caf5fb6211e8d23') in 0.0006126 seconds
Number of updated asset objects reloaded before import = 0Number of asset objects unloaded after import = 0

========================================================================
Received Import Request.
  Time since last request: 228.630669 seconds.
  path: Assets/oak_woods_v1.0/oak_woods_v1.0/oak_woods_tileset.png
  artifactKey: Guid(7064af1d6f9fc6942a1738a0c05b80df) Importer(815301076,1909f56bfc062723c751e8b465ee728b)
Start importing Assets/oak_woods_v1.0/oak_woods_v1.0/oak_woods_tileset.png using Guid(7064af1d6f9fc6942a1738a0c05b80df) Importer(815301076,1909f56bfc062723c751e8b465ee728b) (PreviewImporter) -> (artifact id: 'd5c6fa80b9100caa741e4813301a75b9') in 0.1569443 seconds
Number of updated asset objects reloaded before import = 0Number of asset objects unloaded after import = 25

========================================================================
Received Import Request.
  Time since last request: 43.057075 seconds.
  path: Assets/oak_woods_v1.0/oak_woods_v1.0/oak_woods_tileset.png
  artifactKey: Guid(7064af1d6f9fc6942a1738a0c05b80df) Importer(815301076,1909f56bfc062723c751e8b465ee728b)
Start importing Assets/oak_woods_v1.0/oak_woods_v1.0/oak_woods_tileset.png using Guid(7064af1d6f9fc6942a1738a0c05b80df) Importer(815301076,1909f56bfc062723c751e8b465ee728b) (PreviewImporter) -> (artifact id: 'b06d800e24d693a2e748e2e49bb74efb') in 0.1017932 seconds
Number of updated asset objects reloaded before import = 0Number of asset objects unloaded after import = 25

========================================================================
Received Import Request.
  Time since last request: 48.232702 seconds.
  path: Assets/oak_woods_v1.0/oak_woods_v1.0/oak_woods_tileset.png
  artifactKey: Guid(7064af1d6f9fc6942a1738a0c05b80df) Importer(815301076,1909f56bfc062723c751e8b465ee728b)
Start importing Assets/oak_woods_v1.0/oak_woods_v1.0/oak_woods_tileset.png using Guid(7064af1d6f9fc6942a1738a0c05b80df) Importer(815301076,1909f56bfc062723c751e8b465ee728b) (PreviewImporter) -> (artifact id: '0701c25b00dafaef64d2373b91632d2e') in 0.2751478 seconds
Number of updated asset objects reloaded before import = 0Number of asset objects unloaded after import = 154

========================================================================
Received Import Request.
  Time since last request: 308.924594 seconds.
  path: Assets/oak_woods_v1.0/oak_woods_v1.0/oak_woods_tileset.png
  artifactKey: Guid(7064af1d6f9fc6942a1738a0c05b80df) Importer(815301076,1909f56bfc062723c751e8b465ee728b)
Start importing Assets/oak_woods_v1.0/oak_woods_v1.0/oak_woods_tileset.png using Guid(7064af1d6f9fc6942a1738a0c05b80df) Importer(815301076,1909f56bfc062723c751e8b465ee728b) (PreviewImporter) -> (artifact id: '571ee217897e04a1bcefd018b8d45ddc') in 0.3431026 seconds
Number of updated asset objects reloaded before import = 0Number of asset objects unloaded after import = 154

========================================================================
Received Import Request.
  Time since last request: 192.025008 seconds.
  path: Assets/FREE_Samurai 2D Pixel Art v1.2
  artifactKey: Guid(aff52c501e5804940b18079ada53ea6d) Importer(815301076,1909f56bfc062723c751e8b465ee728b)
Start importing Assets/FREE_Samurai 2D Pixel Art v1.2 using Guid(aff52c501e5804940b18079ada53ea6d) Importer(815301076,1909f56bfc062723c751e8b465ee728b) (PreviewImporter) -> (artifact id: 'c363e96a902ba53ac1a71f4c7651d58b') in 0.0006787 seconds
Number of updated asset objects reloaded before import = 0Number of asset objects unloaded after import = 0

========================================================================
Received Import Request.
  Time since last request: 0.861868 seconds.
  path: Assets/FREE_Samurai 2D Pixel Art v1.2/FREE_Samurai 2D Pixel Art v1.2
  artifactKey: Guid(95c50766503869047ba6438a01bd8cc1) Importer(815301076,1909f56bfc062723c751e8b465ee728b)
Start importing Assets/FREE_Samurai 2D Pixel Art v1.2/FREE_Samurai 2D Pixel Art v1.2 using Guid(95c50766503869047ba6438a01bd8cc1) Importer(815301076,1909f56bfc062723c751e8b465ee728b) (PreviewImporter) -> (artifact id: 'f916e1f4c1a4f9032cce23acf9cc6f1d') in 0.0003827 seconds
Number of updated asset objects reloaded before import = 0Number of asset objects unloaded after import = 0

========================================================================
Received Import Request.
  Time since last request: 2.136025 seconds.
  path: Assets/FREE_Samurai 2D Pixel Art v1.2/FREE_Samurai 2D Pixel Art v1.2/Sprites
  artifactKey: Guid(06524f0fcacab444990bb4340d6a4e73) Importer(815301076,1909f56bfc062723c751e8b465ee728b)
Start importing Assets/FREE_Samurai 2D Pixel Art v1.2/FREE_Samurai 2D Pixel Art v1.2/Sprites using Guid(06524f0fcacab444990bb4340d6a4e73) Importer(815301076,1909f56bfc062723c751e8b465ee728b) (PreviewImporter) -> (artifact id: 'c7dcedfcc64427b348055f858f20ec14') in 0.0003844 seconds
Number of updated asset objects reloaded before import = 0Number of asset objects unloaded after import = 0

========================================================================
Received Import Request.
  Time since last request: 47.535406 seconds.
  path: Assets/FREE_Samurai 2D Pixel Art v1.2/FREE_Samurai 2D Pixel Art v1.2/Sprites/IDLE.png
  artifactKey: Guid(742399c6c71767040a1379e080cfba82) Importer(815301076,1909f56bfc062723c751e8b465ee728b)
Start importing Assets/FREE_Samurai 2D Pixel Art v1.2/FREE_Samurai 2D Pixel Art v1.2/Sprites/IDLE.png using Guid(742399c6c71767040a1379e080cfba82) Importer(815301076,1909f56bfc062723c751e8b465ee728b) (PreviewImporter) -> (artifact id: '2ac6a309c2182aa5f989e92d3d29fa8a') in 0.0652972 seconds
Number of updated asset objects reloaded before import = 0Number of asset objects unloaded after import = 12

========================================================================
Received Import Request.
  Time since last request: 101.293333 seconds.
  path: Assets/FREE_Samurai 2D Pixel Art v1.2/FREE_Samurai 2D Pixel Art v1.2/Sprites/IDLE.png
  artifactKey: Guid(742399c6c71767040a1379e080cfba82) Importer(815301076,1909f56bfc062723c751e8b465ee728b)
Start importing Assets/FREE_Samurai 2D Pixel Art v1.2/FREE_Samurai 2D Pixel Art v1.2/Sprites/IDLE.png using Guid(742399c6c71767040a1379e080cfba82) Importer(815301076,1909f56bfc062723c751e8b465ee728b) (PreviewImporter) -> (artifact id: '4f41c33b83c3904f167216d5a45144b5') in 0.0216285 seconds
Number of updated asset objects reloaded before import = 0Number of asset objects unloaded after import = 12

========================================================================
Received Import Request.
  Time since last request: 17.861225 seconds.
  path: Assets/FREE_Samurai 2D Pixel Art v1.2/FREE_Samurai 2D Pixel Art v1.2/Sprites/HURT.png
  artifactKey: Guid(d8828773f5eef34408978de4f8e668f5) Importer(815301076,1909f56bfc062723c751e8b465ee728b)
Start importing Assets/FREE_Samurai 2D Pixel Art v1.2/FREE_Samurai 2D Pixel Art v1.2/Sprites/HURT.png using Guid(d8828773f5eef34408978de4f8e668f5) Importer(815301076,1909f56bfc062723c751e8b465ee728b) (PreviewImporter) -> (artifact id: '131cae36e0ef1890e5af860d8d2b5b7b') in 0.0153731 seconds
Number of updated asset objects reloaded before import = 0Number of asset objects unloaded after import = 6

========================================================================
Received Import Request.
  Time since last request: 25.558263 seconds.
  path: Assets/FREE_Samurai 2D Pixel Art v1.2/FREE_Samurai 2D Pixel Art v1.2/Sprites/IDLE.png
  artifactKey: Guid(742399c6c71767040a1379e080cfba82) Importer(815301076,1909f56bfc062723c751e8b465ee728b)
Start importing Assets/FREE_Samurai 2D Pixel Art v1.2/FREE_Samurai 2D Pixel Art v1.2/Sprites/IDLE.png using Guid(742399c6c71767040a1379e080cfba82) Importer(815301076,1909f56bfc062723c751e8b465ee728b) (PreviewImporter) -> (artifact id: '93fe6b389911216a52709fe228d9d4a4') in 0.1112769 seconds
Number of updated asset objects reloaded before import = 0Number of asset objects unloaded after import = 12

========================================================================
Received Import Request.
  Time since last request: 6.870315 seconds.
  path: Assets/FREE_Samurai 2D Pixel Art v1.2/FREE_Samurai 2D Pixel Art v1.2/Sprites/IDLE.png
  artifactKey: Guid(742399c6c71767040a1379e080cfba82) Importer(815301076,1909f56bfc062723c751e8b465ee728b)
Start importing Assets/FREE_Samurai 2D Pixel Art v1.2/FREE_Samurai 2D Pixel Art v1.2/Sprites/IDLE.png using Guid(742399c6c71767040a1379e080cfba82) Importer(815301076,1909f56bfc062723c751e8b465ee728b) (PreviewImporter) -> (artifact id: '558490a1d6d9e6a429c011d327e06bbe') in 0.0373246 seconds
Number of updated asset objects reloaded before import = 0Number of asset objects unloaded after import = 12

